// Jest Snapshot v1, https://goo.gl/fbAQLP

exports[`Component - Flex renders 1`] = `
<DocumentFragment>
  <div
    class="box align-items-flex-end display-flex flex-direction-row justify-content-center gap-2"
    style="box-sizing: border-box;"
  >
    <div>
      Foo
    </div>
    <div>
      bar
    </div>
  </div>
</DocumentFragment>
`;
