// Jest Snapshot v1, https://goo.gl/fbAQLP

exports[`Component - NumericInput renders 1`] = `
<DocumentFragment>
  <div
    class="box wrapper"
  >
    <div
      class="input-wrapper"
    >
      <div
        class="input-inner-wrapper"
      >
        <input
          class="input is-medium"
          data-teamleader-ui="numeric-input"
          max="100"
          min="0"
          step="10"
          stepper="suffix"
          type="number"
          value="20"
        />
        <div
          class="suffix-wrapper"
        >
          <div
            class="stepper"
          >
            <button
              class="box align-items-center display-flex neutral darkest stepper-up"
              data-teamleader-ui="icon"
              tabindex="-1"
              type="button"
            >
              <svg
                fill="currentColor"
                height="14"
                preserveAspectRatio="xMidYMid meet"
                style="opacity: 0.84; vertical-align: middle;"
                viewBox="0 0 14 14"
                width="14"
              >
                <path
                  clip-rule="evenodd"
                  d="M10.536 7.916L7 4.38 3.465 7.916A1 1 0 004.879 9.33L7 7.208 9.121 9.33a1 1 0 101.415-1.414z"
                  fill="currentColor"
                  fill-rule="evenodd"
                />
              </svg>
            </button>
            <button
              class="box align-items-center display-flex neutral darkest stepper-down"
              data-teamleader-ui="icon"
              tabindex="-1"
              type="button"
            >
              <svg
                fill="currentColor"
                height="14"
                preserveAspectRatio="xMidYMid meet"
                style="opacity: 0.84; vertical-align: middle;"
                viewBox="0 0 14 14"
                width="14"
              >
                <path
                  clip-rule="evenodd"
                  d="M3.465 6.087L7 9.623l3.536-3.536A1 1 0 009.12 4.673L7 6.794 4.878 4.673a1 1 0 10-1.414 1.414z"
                  fill="currentColor"
                  fill-rule="evenodd"
                />
              </svg>
            </button>
          </div>
        </div>
      </div>
    </div>
  </div>
</DocumentFragment>
`;
