// Jest Snapshot v1, https://goo.gl/fbAQLP

exports[`Component - TitleTab renders 1`] = `
<DocumentFragment>
  <div
    class="box background-color-neutral-lightest display-flex tab-group"
    data-teamleader-ui="tab-group"
  >
    <div
      class="box display-flex scroll-container"
      style="overflow-x: scroll;"
    >
      <a
        class="box margin-left-2 margin-right-2 padding-left-3 padding-right-3 title-tab"
        data-teamleader-ui="title-tab"
      >
        <span
          class="box heading heading-4 darkest"
          data-teamleader-ui="heading"
        >
          Invoices
        </span>
      </a>
      <a
        class="box margin-left-2 margin-right-2 padding-left-3 padding-right-3 title-tab"
        data-teamleader-ui="title-tab"
      >
        <span
          class="box heading heading-4 darkest"
          data-teamleader-ui="heading"
        >
          Credit notes
        </span>
      </a>
    </div>
    <div />
  </div>
</DocumentFragment>
`;
