// Jest Snapshot v1, https://goo.gl/fbAQLP

exports[`Component - IconMenu renders 1`] = `
<DocumentFragment>
  <div
    class="box icon-menu"
    data-teamleader-ui="icon-menu"
  >
    <button
      class="box button-base icon-button is-medium icon"
      data-teamleader-ui="icon-button"
      type="button"
    >
      <span
        class="box align-items-center display-flex neutral darkest"
        data-teamleader-ui="icon"
      >
        <svg
          fill="currentColor"
          height="24"
          preserveAspectRatio="xMidYMid meet"
          style="opacity: 0.84; vertical-align: middle;"
          viewBox="0 0 24 24"
          width="24"
        >
          <path
            clip-rule="evenodd"
            d="M12 17a2 2 0 110 4 2 2 0 010-4zm0-14a2 2 0 110 4 2 2 0 010-4zm0 7a2 2 0 110 4 2 2 0 010-4z"
            fill="currentColor"
            fill-rule="evenodd"
          />
        </svg>
      </span>
    </button>
  </div>
</DocumentFragment>
`;
