// Jest Snapshot v1, https://goo.gl/fbAQLP

exports[`Component - IconMenu renders 1`] = `
<DocumentFragment>
  <div
    class="box icon-menu"
    data-teamleader-ui="icon-menu"
  >
    <button
      class="box button-base icon-button is-medium icon"
      data-teamleader-ui="icon-button"
      type="button"
    >
      <span
        class="box align-items-center display-flex neutral darkest"
        data-teamleader-ui="icon"
      >
        <svg
          fill="currentColor"
          height="24"
          preserveAspectRatio="xMidYMid meet"
          style="opacity: 0.84; vertical-align: middle;"
          viewBox="0 0 24 24"
          width="24"
        >
          <path
            clip-rule="evenodd"
            d="M12 17a2 2 0 110 4 2 2 0 010-4zm0-14a2 2 0 110 4 2 2 0 010-4zm0 7a2 2 0 110 4 2 2 0 010-4z"
            fill="currentColor"
            fill-rule="evenodd"
          />
        </svg>
      </span>
    </button>
    <div
      class="box menu auto"
      data-teamleader-ui="menu"
      style="width: 0px; height: 0px;"
    >
      <div
        class="outline undefined"
        style="height: 0px;"
      />
      <ul
        class="menu-inner"
      >
        <li
          class="box invisible-menu-item"
          data-teamleader-ui="menu-item"
        >
          <button
            class="box"
          />
        </li>
        <li
          class="box display-flex"
          data-teamleader-ui="menu-item"
        >
          <button
            class="box align-items-center display-flex padding-bottom-2 padding-left-3 padding-right-3 padding-top-2 text-align-left menu-item"
            style="flex: 1 1 auto;"
          >
            <div
              class="box"
              style="flex: 1 1 auto;"
            >
              <p
                class="box text text-body darkest teal"
                data-teamleader-ui="text"
              >
                Michael Scofield
              </p>
            </div>
          </button>
        </li>
        <li
          class="box display-flex"
          data-teamleader-ui="menu-item"
        >
          <button
            class="box align-items-center display-flex padding-bottom-2 padding-left-3 padding-right-3 padding-top-2 text-align-left menu-item"
            style="flex: 1 1 auto;"
          >
            <div
              class="box"
              style="flex: 1 1 auto;"
            >
              <p
                class="box text text-body darkest teal"
                data-teamleader-ui="text"
              >
                Jim Halpert
              </p>
            </div>
          </button>
        </li>
      </ul>
    </div>
  </div>
</DocumentFragment>
`;
