// Jest Snapshot v1, https://goo.gl/fbAQLP

exports[`Component - ButtonGroup renders 1`] = `
<DocumentFragment>
  <div
    class="box group"
    data-teamleader-ui="button-group"
  >
    <button
      class="box reset-box-sizing reset-font-smoothing button-base button secondary medium is-active"
      data-teamleader-ui="button"
      type="button"
    >
      <span
        class="box ui-text ui-text-body darkest overflow-singleline"
        data-teamleader-ui="ui-text"
      >
        Button 1
      </span>
    </button>
    <button
      class="box reset-box-sizing reset-font-smoothing button-base button secondary medium"
      data-teamleader-ui="button"
      type="button"
    >
      <span
        class="box ui-text ui-text-body darkest overflow-singleline"
        data-teamleader-ui="ui-text"
      >
        Button 2
      </span>
    </button>
  </div>
</DocumentFragment>
`;
