// Jest Snapshot v1, https://goo.gl/fbAQLP

exports[`Component - Select renders 1`] = `
<DocumentFragment>
  <div
    class="box is-medium"
    data-teamleader-ui="select"
  >
    <div
      class="select css-b62m3t-container"
    >
      <span
        class="css-1f43avz-a11yText-A11yText"
        id="react-select-2-live-region"
      />
      <span
        aria-atomic="false"
        aria-live="polite"
        aria-relevant="additions text"
        class="css-1f43avz-a11yText-A11yText"
      />
      <div
        class=" css-1bpkfno-control"
      >
        <div
          class=" css-f29pv2-ValueContainer"
        >
          <div
            class=" css-1xe4xsx-placeholder"
            id="react-select-2-placeholder"
          >
            Select...
          </div>
          <div
            class=" css-1r62df1-Input"
            data-value=""
          >
            <input
              aria-autocomplete="list"
              aria-describedby="react-select-2-placeholder"
              aria-expanded="false"
              aria-haspopup="true"
              autocapitalize="none"
              autocomplete="off"
              autocorrect="off"
              class=""
              id="react-select-2-input"
              role="combobox"
              spellcheck="false"
              style="opacity: 1; width: 100%; grid-area: 1 / 2; min-width: 2px; border: 0px; margin: 0px; outline: 0; padding: 0px;"
              tabindex="0"
              type="text"
              value=""
            />
          </div>
        </div>
        <div
          class=" css-1hb7zxy-IndicatorsContainer"
        >
          <span
            class="box align-items-center display-flex justify-content-center neutral darkest dropdown-indicator"
            data-teamleader-ui="icon"
          >
            <svg
              fill="currentColor"
              height="14"
              preserveAspectRatio="xMidYMid meet"
              style="opacity: 0.84; vertical-align: middle;"
              viewBox="0 0 14 14"
              width="14"
            >
              <path
                clip-rule="evenodd"
                d="M3.465 6.087L7 9.623l3.536-3.536A1 1 0 009.12 4.673L7 6.794 4.878 4.673a1 1 0 10-1.414 1.414z"
                fill="currentColor"
                fill-rule="evenodd"
              />
            </svg>
          </span>
        </div>
      </div>
    </div>
  </div>
</DocumentFragment>
`;
